Component: ARM Compiler 5.06 update 6 (build 750) Tool: armlink [4d35ed]

==============================================================================

Section Cross References

    main.o(.text) refers to memseta.o(.text) for __aeabi_memclr
    main.o(.text) refers to gui.o(.text) for Show_Str
    main.o(.text) refers to printfa.o(i.__0sprintf) for __2sprintf
    main.o(.text) refers to printfa.o(i.__0printf) for __2printf
    main.o(.text) refers to f2d.o(.text) for __aeabi_f2d
    main.o(.text) refers to dfltui.o(.text) for __aeabi_ui2d
    main.o(.text) refers to dmul.o(.text) for __aeabi_dmul
    main.o(.text) refers to d2f.o(.text) for __aeabi_d2f
    main.o(.text) refers to ddiv.o(.text) for __aeabi_ddiv
    main.o(.text) refers to fadd.o(.text) for __aeabi_fadd
    main.o(.text) refers to lora.o(.text) for Send_Data
    main.o(.text) refers to usart3.o(.data) for str_len
    main.o(.text) refers to usart2.o(.data) for u2_str_len
    main.o(.text) refers to usart3.o(.bss) for USART3_RX_BUF
    main.o(.text) refers to main.o(.bss) for receive_data
    main.o(.text) refers to main.o(.data) for i
    main.o(.text) refers to fattester.o(.text) for mf_open
    main.o(.text) refers to 24cxx.o(.text) for AT24CXX_ReadLenByte
    main.o(.text) refers to system_stm32f10x.o(.text) for SystemInit
    main.o(.text) refers to delay.o(.text) for delay_init
    main.o(.text) refers to misc.o(.text) for NVIC_PriorityGroupConfig
    main.o(.text) refers to usart.o(.text) for uart_init
    main.o(.text) refers to led.o(.text) for LED_Init
    main.o(.text) refers to usart2.o(.text) for USART2_Init
    main.o(.text) refers to usart3.o(.text) for usart3_init
    main.o(.text) refers to exfuns.o(.text) for exfuns_init
    main.o(.text) refers to lcd.o(.text) for LCD_Init
    main.o(.text) refers to touch.o(.text) for TP_Init
    main.o(.text) refers to key.o(.text) for KEY_Init
    main.o(.text) refers to malloc.o(.text) for mem_init
    main.o(.text) refers to mmc_sd.o(.text) for SD_Initialize
    main.o(.text) refers to ff.o(.text) for f_mount
    main.o(.text) refers to test.o(.text) for Rotate_Test
    main.o(.text) refers to timer.o(.text) for Set_Time
    main.o(.text) refers to iwdg.o(.text) for IWDG_Feed
    main.o(.text) refers to timer.o(.bss) for HISTORYFILENAME
    main.o(.text) refers to exfuns.o(.data) for fs
    main.o(.text) refers to timer.o(.data) for tim4_time
    main.o(.text) refers to exti.o(.data) for Slave_Page
    main.o(.text) refers to ffltui.o(.text) for __aeabi_ui2f
    main.o(.text) refers to fdiv.o(.text) for __aeabi_fdiv
    main.o(.text) refers to main.o(.conststring) for .conststring
    main.o(.text) refers to touch.o(.data) for tp_dev
    main.o(.text) refers to lcd.o(.bss) for lcddev
    main.o(.text) refers to lcd.o(.data) for POINT_COLOR
    system_stm32f10x.o(.text) refers to system_stm32f10x.o(.data) for SystemCoreClock
    startup_stm32f10x_md.o(RESET) refers to startup_stm32f10x_md.o(STACK) for __initial_sp
    startup_stm32f10x_md.o(RESET) refers to startup_stm32f10x_md.o(.text) for Reset_Handler
    startup_stm32f10x_md.o(RESET) refers to stm32f10x_it.o(.text) for NMI_Handler
    startup_stm32f10x_md.o(RESET) refers to rtc.o(.text) for RTC_IRQHandler
    startup_stm32f10x_md.o(RESET) refers to touch.o(.text) for EXTI4_IRQHandler
    startup_stm32f10x_md.o(RESET) refers to exti.o(.text) for EXTI9_5_IRQHandler
    startup_stm32f10x_md.o(RESET) refers to timer.o(.text) for TIM3_IRQHandler
    startup_stm32f10x_md.o(RESET) refers to usart.o(.text) for USART1_IRQHandler
    startup_stm32f10x_md.o(RESET) refers to usart2.o(.text) for USART2_IRQHandler
    startup_stm32f10x_md.o(RESET) refers to usart3.o(.text) for USART3_IRQHandler
    startup_stm32f10x_md.o(.text) refers to system_stm32f10x.o(.text) for SystemInit
    startup_stm32f10x_md.o(.text) refers to entry.o(.ARM.Collect$$$$00000000) for __main
    stm32f10x_adc.o(.text) refers to stm32f10x_rcc.o(.text) for RCC_APB2PeriphResetCmd
    stm32f10x_bkp.o(.text) refers to stm32f10x_rcc.o(.text) for RCC_BackupResetCmd
    stm32f10x_can.o(.text) refers to stm32f10x_rcc.o(.text) for RCC_APB1PeriphResetCmd
    stm32f10x_cec.o(.text) refers to stm32f10x_rcc.o(.text) for RCC_APB1PeriphResetCmd
    stm32f10x_dac.o(.text) refers to stm32f10x_rcc.o(.text) for RCC_APB1PeriphResetCmd
    stm32f10x_gpio.o(.text) refers to stm32f10x_rcc.o(.text) for RCC_APB2PeriphResetCmd
    stm32f10x_i2c.o(.text) refers to stm32f10x_rcc.o(.text) for RCC_APB1PeriphResetCmd
    stm32f10x_pwr.o(.text) refers to stm32f10x_rcc.o(.text) for RCC_APB1PeriphResetCmd
    stm32f10x_rcc.o(.text) refers to stm32f10x_rcc.o(.data) for APBAHBPrescTable
    stm32f10x_spi.o(.text) refers to stm32f10x_rcc.o(.text) for RCC_APB2PeriphResetCmd
    stm32f10x_tim.o(.text) refers to stm32f10x_rcc.o(.text) for RCC_APB2PeriphResetCmd
    stm32f10x_usart.o(.text) refers to stm32f10x_rcc.o(.text) for RCC_APB2PeriphResetCmd
[...]
    __use_no_heap_region                     0x00000000   Number         0  useno.o ABSOLUTE
    __use_no_semihosting                     0x00000000   Number         0  useno.o ABSOLUTE
    __use_no_semihosting_swi                 0x00000000   Number         0  useno.o ABSOLUTE
    __use_no_signal_handling                 0x00000000   Number         0  useno.o ABSOLUTE
    _printf_a                                0x00000000   Number         0  stubs.o ABSOLUTE
    _printf_c                                0x00000000   Number         0  stubs.o ABSOLUTE
    _printf_charcount                        0x00000000   Number         0  stubs.o ABSOLUTE
    _printf_d                                0x00000000   Number         0  stubs.o ABSOLUTE
    _printf_e                                0x00000000   Number         0  stubs.o ABSOLUTE
    _printf_f                                0x00000000   Number         0  stubs.o ABSOLUTE
    _printf_flags                            0x00000000   Number         0  stubs.o ABSOLUTE
    _printf_fp_dec                           0x00000000   Number         0  stubs.o ABSOLUTE
    _printf_fp_hex                           0x00000000   Number         0  stubs.o ABSOLUTE
    _printf_g                                0x00000000   Number         0  stubs.o ABSOLUTE
    _printf_i                                0x00000000   Number         0  stubs.o ABSOLUTE
    _printf_int_dec                          0x00000000   Number         0  stubs.o ABSOLUTE
    _printf_l                                0x00000000   Number         0  stubs.o ABSOLUTE
    _printf_lc                               0x00000000   Number         0  stubs.o ABSOLUTE
    _printf_ll                               0x00000000   Number         0  stubs.o ABSOLUTE
    _printf_lld                              0x00000000   Number         0  stubs.o ABSOLUTE
    _printf_lli                              0x00000000   Number         0  stubs.o ABSOLUTE
    _printf_llo                              0x00000000   Number         0  stubs.o ABSOLUTE
    _printf_llu                              0x00000000   Number         0  stubs.o ABSOLUTE
    _printf_llx                              0x00000000   Number         0  stubs.o ABSOLUTE
    _printf_longlong_dec                     0x00000000   Number         0  stubs.o ABSOLUTE
    _printf_longlong_hex                     0x00000000   Number         0  stubs.o ABSOLUTE
    _printf_longlong_oct                     0x00000000   Number         0  stubs.o ABSOLUTE
    _printf_ls                               0x00000000   Number         0  stubs.o ABSOLUTE
    _printf_mbtowc                           0x00000000   Number         0  stubs.o ABSOLUTE
    _printf_n                                0x00000000   Number         0  stubs.o ABSOLUTE
    _printf_o                                0x00000000   Number         0  stubs.o ABSOLUTE
    _printf_p                                0x00000000   Number         0  stubs.o ABSOLUTE
    _printf_percent                          0x00000000   Number         0  stubs.o ABSOLUTE
    _printf_pre_padding                      0x00000000   Number         0  stubs.o ABSOLUTE
    _printf_return_value                     0x00000000   Number         0  stubs.o ABSOLUTE
    _printf_s                                0x00000000   Number         0  stubs.o ABSOLUTE
    _printf_sizespec                         0x00000000   Number         0  stubs.o ABSOLUTE
    _printf_str                              0x00000000   Number         0  stubs.o ABSOLUTE
    _printf_truncate_signed                  0x00000000   Number         0  stubs.o ABSOLUTE
    _printf_truncate_unsigned                0x00000000   Number         0  stubs.o ABSOLUTE
    _printf_u                                0x00000000   Number         0  stubs.o ABSOLUTE
    _printf_wc                               0x00000000   Number         0  stubs.o ABSOLUTE
    _printf_wctomb                           0x00000000   Number         0  stubs.o ABSOLUTE
    _printf_widthprec                        0x00000000   Number         0  stubs.o ABSOLUTE
    _printf_x                                0x00000000   Number         0  stubs.o ABSOLUTE
    __cpp_initialize__aeabi_                  - Undefined Weak Reference
    __cxa_finalize                            - Undefined Weak Reference
    _clock_init                               - Undefined Weak Reference
    _microlib_exit                            - Undefined Weak Reference
    __Vectors_Size                           0x000000ec   Number         0  startup_stm32f10x_md.o ABSOLUTE
    __Vectors                                0x08000000   Data           4  startup_stm32f10x_md.o(RESET)
    __Vectors_End                            0x080000ec   Data           0  startup_stm32f10x_md.o(RESET)
    __main                                   0x080000ed   Thumb Code     0  entry.o(.ARM.Collect$$$$00000000)
    _main_stk                                0x080000ed   Thumb Code     0  entry2.o(.ARM.Collect$$$$00000001)
    _main_scatterload                        0x080000f1   Thumb Code     0  entry5.o(.ARM.Collect$$$$00000004)
    __main_after_scatterload                 0x080000f5   Thumb Code     0  entry5.o(.ARM.Collect$$$$00000004)
    _main_clock                              0x080000f5   Thumb Code     0  entry7b.o(.ARM.Collect$$$$00000008)
    _main_cpp_init                           0x080000f5   Thumb Code     0  entry8b.o(.ARM.Collect$$$$0000000A)
    _main_init                               0x080000f5   Thumb Code     0  entry9a.o(.ARM.Collect$$$$0000000B)
    __rt_final_cpp                           0x080000fd   Thumb Code     0  entry10a.o(.ARM.Collect$$$$0000000D)
    __rt_final_exit                          0x080000fd   Thumb Code     0  entry11a.o(.ARM.Collect$$$$0000000F)
    All_Flag_Default                         0x08000101   Thumb Code    58  main.o(.text)
    Show_Sensor_Data                         0x0800013b   Thumb Code   428  main.o(.text)
    GetData_From_Slave                       0x080002e7   Thumb Code   478  main.o(.text)
    SendData_To_Slave                        0x080004c5   Thumb Code   256  main.o(.text)
    Get_History_Num                          0x080005c5   Thumb Code   130  main.o(.text)
    Get_config_Data                          0x08000647   Thumb Code   112  main.o(.text)
    main                                     0x080006b7   Thumb Code  1476  main.o(.text)
    Touch_Scan                               0x08000c7b   Thumb Code   374  main.o(.text)
    Save_History_10M                         0x08000df1   Thumb Code   762  main.o(.text)
    NMI_Handler                              0x08001131   Thumb Code     2  stm32f10x_it.o(.text)
    HardFault_Handler                        0x08001133   Thumb Code     4  stm32f10x_it.o(.text)
    MemManage_Handler                        0x08001137   Thumb Code     4  stm32f10x_it.o(.text)
    BusFault_Handler                         0x0800113b   Thumb Code     4  stm32f10x_it.o(.text)
    UsageFault_Handler                       0x0800113f   Thumb Code     4  stm32f10x_it.o(.text)
    SVC_Handler                              0x08001143   Thumb Code     2  stm32f10x_it.o(.text)
    DebugMon_Handler                         0x08001145   Thumb Code     2  stm32f10x_it.o(.text)
    PendSV_Handler                           0x08001147   Thumb Code     2  stm32f10x_it.o(.text)
    SysTick_Handler                          0x08001149   Thumb Code     2  stm32f10x_it.o(.text)
    SystemInit                               0x0800122b   Thumb Code    78  system_stm32f10x.o(.text)
    SystemCoreClockUpdate                    0x08001279   Thumb Code   142  system_stm32f10x.o(.text)
    Reset_Handler                            0x0800132d   Thumb Code     8  startup_stm32f10x_md.o(.text)
    ADC1_2_IRQHandler                        0x08001347   Thumb Code     0  startup_stm32f10x_md.o(.text)
    CAN1_RX1_IRQHandler                      0x08001347   Thumb Code     0  startup_stm32f10x_md.o(.text)
    CAN1_SCE_IRQHandler                      0x08001347   Thumb Code     0  startup_stm32f10x_md.o(.text)
    DMA1_Channel1_IRQHandler                 0x08001347   Thumb Code     0  startup_stm32f10x_md.o(.text)
    DMA1_Channel2_IRQHandler                 0x08001347   Thumb Code     0  startup_stm32f10x_md.o(.text)
    DMA1_Channel3_IRQHandler                 0x08001347   Thumb Code     0  startup_stm32f10x_md.o(.text)
    DMA1_Channel4_IRQHandler                 0x08001347   Thumb Code     0  startup_stm32f10x_md.o(.text)
    DMA1_Channel5_IRQHandler                 0x08001347   Thumb Code     0  startup_stm32f10x_md.o(.text)
    DMA1_Channel6_IRQHandler                 0x08001347   Thumb Code     0  startup_stm32f10x_md.o(.text)
    DMA1_Channel7_IRQHandler                 0x08001347   Thumb Code     0  startup_stm32f10x_md.o(.text)
    EXTI0_IRQHandler                         0x08001347   Thumb Code     0  startup_stm32f10x_md.o(.text)
    EXTI15_10_IRQHandler                     0x08001347   Thumb Code     0  startup_stm32f10x_md.o(.text)
    EXTI1_IRQHandler                         0x08001347   Thumb Code     0  startup_stm32f10x_md.o(.text)
    EXTI2_IRQHandler                         0x08001347   Thumb Code     0  startup_stm32f10x_md.o(.text)
    EXTI3_IRQHandler                         0x08001347   Thumb Code     0  startup_stm32f10x_md.o(.text)
    FLASH_IRQHandler                         0x08001347   Thumb Code     0  startup_stm32f10x_md.o(.text)
    I2C1_ER_IRQHandler                       0x08001347   Thumb Code     0  startup_stm32f10x_md.o(.text)
    I2C1_EV_IRQHandler                       0x08001347   Thumb Code     0  startup_stm32f10x_md.o(.text)
    I2C2_ER_IRQHandler                       0x08001347   Thumb Code     0  startup_stm32f10x_md.o(.text)
    I2C2_EV_IRQHandler                       0x08001347   Thumb Code     0  startup_stm32f10x_md.o(.text)
    PVD_IRQHandler                           0x08001347   Thumb Code     0  startup_stm32f10x_md.o(.text)
    RCC_IRQHandler                           0x08001347   Thumb Code     0  startup_stm32f10x_md.o(.text)
    RTCAlarm_IRQHandler                      0x08001347   Thumb Code     0  startup_stm32f10x_md.o(.text)
    SPI1_IRQHandler                          0x08001347   Thumb Code     0  startup_stm32f10x_md.o(.text)
    SPI2_IRQHandler                          0x08001347   Thumb Code     0  startup_stm32f10x_md.o(.text)
    TAMPER_IRQHandler                        0x08001347   Thumb Code     0  startup_stm32f10x_md.o(.text)
    TIM1_BRK_IRQHandler                      0x08001347   Thumb Code     0  startup_stm32f10x_md.o(.text)
    TIM1_CC_IRQHandler                       0x08001347   Thumb Code     0  startup_stm32f10x_md.o(.text)
    TIM1_TRG_COM_IRQHandler                  0x08001347   Thumb Code     0  startup_stm32f10x_md.o(.text)
    TIM1_UP_IRQHandler                       0x08001347   Thumb Code     0  startup_stm32f10x_md.o(.text)
    TIM2_IRQHandler                          0x08001347   Thumb Code     0  startup_stm32f10x_md.o(.text)
    TIM4_IRQHandler                          0x08001347   Thumb Code     0  startup_stm32f10x_md.o(.text)
    USBWakeUp_IRQHandler                     0x08001347   Thumb Code     0  startup_stm32f10x_md.o(.text)
    USB_HP_CAN1_TX_IRQHandler                0x08001347   Thumb Code     0  startup_stm32f10x_md.o(.text)
    USB_LP_CAN1_RX0_IRQHandler               0x08001347   Thumb Code     0  startup_stm32f10x_md.o(.text)
    WWDG_IRQHandler                          0x08001347   Thumb Code     0  startup_stm32f10x_md.o(.text)
    NVIC_PriorityGroupConfig                 0x08001351   Thumb Code    10  misc.o(.text)
    NVIC_Init                                0x0800135b   Thumb Code   100  misc.o(.text)
    NVIC_SetVectorTable                      0x080013bf   Thumb Code    14  misc.o(.text)
    NVIC_SystemLPConfig                      0x080013cd   Thumb Code    34  misc.o(.text)
    SysTick_CLKSourceConfig                  0x080013ef   Thumb Code    40  misc.o(.text)
    BKP_DeInit                               0x0800142d   Thumb Code    16  stm32f10x_bkp.o(.text)
    BKP_TamperPinLevelConfig                 0x0800143d   Thumb Code     6  stm32f10x_bkp.o(.text)
    BKP_TamperPinCmd                         0x08001443   Thumb Code     8  stm32f10x_bkp.o(.text)
    BKP_ITConfig                             0x0800144b   Thumb Code     8  stm32f10x_bkp.o(.text)
    BKP_RTCOutputConfig                      0x08001453   Thumb Code    22  stm32f10x_bkp.o(.text)
    BKP_SetRTCCalibrationValue               0x08001469   Thumb Code    22  stm32f10x_bkp.o(.text)
    BKP_WriteBackupRegister                  0x0800147f   Thumb Code    24  stm32f10x_bkp.o(.text)
    BKP_ReadBackupRegister                   0x08001497   Thumb Code    26  stm32f10x_bkp.o(.text)
    BKP_GetFlagStatus                        0x080014b1   Thumb Code    10  stm32f10x_bkp.o(.text)
    BKP_ClearFlag                            0x080014bb   Thumb Code    18  stm32f10x_bkp.o(.text)
    BKP_GetITStatus                          0x080014cd   Thumb Code    10  stm32f10x_bkp.o(.text)
    BKP_ClearITPendingBit                    0x080014d7   Thumb Code    18  stm32f10x_bkp.o(.text)
    EXTI_DeInit                              0x080014f1   Thumb Code    28  stm32f10x_exti.o(.text)
    EXTI_Init                                0x0800150d   Thumb Code   142  stm32f10x_exti.o(.text)
    EXTI_StructInit                          0x0800159b   Thumb Code    16  stm32f10x_exti.o(.text)
    EXTI_GenerateSWInterrupt                 0x080015ab   Thumb Code    16  stm32f10x_exti.o(.text)
    EXTI_GetFlagStatus                       0x080015bb   Thumb Code    22  stm32f10x_exti.o(.text)
    EXTI_ClearFlag                           0x080015d1   Thumb Code     8  stm32f10x_exti.o(.text)
    EXTI_GetITStatus                         0x080015d9   Thumb Code    34  stm32f10x_exti.o(.text)
    EXTI_ClearITPendingBit                   0x080015fb   Thumb Code     8  stm32f10x_exti.o(.text)
    GPIO_DeInit                              0x0800160d   Thumb Code   172  stm32f10x_gpio.o(.text)
    GPIO_AFIODeInit                          0x080016b9   Thumb Code    20  stm32f10x_gpio.o(.text)
    GPIO_Init                                0x080016cd   Thumb Code   278  stm32f10x_gpio.o(.text)
    GPIO_StructInit                          0x080017e3   Thumb Code    16  stm32f10x_gpio.o(.text)
    GPIO_ReadInputDataBit                    0x080017f3   Thumb Code    18  stm32f10x_gpio.o(.text)
    GPIO_ReadInputData                       0x08001805   Thumb Code     8  stm32f10x_gpio.o(.text)
    GPIO_ReadOutputDataBit                   0x0800180d   Thumb Code    18  stm32f10x_gpio.o(.text)
    GPIO_ReadOutputData                      0x0800181f   Thumb Code     8  stm32f10x_gpio.o(.text)
    GPIO_SetBits                             0x08001827   Thumb Code     4  stm32f10x_gpio.o(.text)
    GPIO_ResetBits                           0x0800182b   Thumb Code     4  stm32f10x_gpio.o(.text)
    GPIO_WriteBit                            0x0800182f   Thumb Code    10  stm32f10x_gpio.o(.text)
    GPIO_Write                               0x08001839   Thumb Code     4  stm32f10x_gpio.o(.text)
    GPIO_PinLockConfig                       0x0800183d   Thumb Code    18  stm32f10x_gpio.o(.text)
    GPIO_EventOutputConfig                   0x0800184f   Thumb Code    26  stm32f10x_gpio.o(.text)
    GPIO_EventOutputCmd                      0x08001869   Thumb Code     6  stm32f10x_gpio.o(.text)
    GPIO_PinRemapConfig                      0x0800186f   Thumb Code   138  stm32f10x_gpio.o(.text)
    GPIO_EXTILineConfig                      0x080018f9   Thumb Code    66  stm32f10x_gpio.o(.text)
    GPIO_ETH_MediaInterfaceConfig            0x0800193b   Thumb Code     8  stm32f10x_gpio.o(.text)
    IWDG_WriteAccessCmd                      0x08001969   Thumb Code     6  stm32f10x_iwdg.o(.text)
    IWDG_SetPrescaler                        0x0800196f   Thumb Code     6  stm32f10x_iwdg.o(.text)
    IWDG_SetReload                           0x08001975   Thumb Code     6  stm32f10x_iwdg.o(.text)
    IWDG_ReloadCounter                       0x0800197b   Thumb Code    10  stm32f10x_iwdg.o(.text)
    IWDG_Enable                              0x08001985   Thumb Code    10  stm32f10x_iwdg.o(.text)
    IWDG_GetFlagStatus                       0x0800198f   Thumb Code    20  stm32f10x_iwdg.o(.text)
    PWR_DeInit                               0x080019a9   Thumb Code    22  stm32f10x_pwr.o(.text)
    PWR_BackupAccessCmd                      0x080019bf   Thumb Code     6  stm32f10x_pwr.o(.text)
    PWR_PVDCmd                               0x080019c5   Thumb Code     6  stm32f10x_pwr.o(.text)
    PWR_PVDLevelConfig                       0x080019cb   Thumb Code    18  stm32f10x_pwr.o(.text)
    PWR_WakeUpPinCmd                         0x080019dd   Thumb Code     8  stm32f10x_pwr.o(.text)
    PWR_EnterSTOPMode                        0x080019e5   Thumb Code    54  stm32f10x_pwr.o(.text)
    PWR_EnterSTANDBYMode                     0x08001a1b   Thumb Code    42  stm32f10x_pwr.o(.text)
    PWR_GetFlagStatus                        0x08001a45   Thumb Code    20  stm32f10x_pwr.o(.text)
    PWR_ClearFlag                            0x08001a59   Thumb Code    14  stm32f10x_pwr.o(.text)
    RCC_DeInit                               0x08001a75   Thumb Code    64  stm32f10x_rcc.o(.text)
    RCC_HSEConfig                            0x08001ab5   Thumb Code    70  stm32f10x_rcc.o(.text)
    RCC_GetFlagStatus                        0x08001afb   Thumb Code    56  stm32f10x_rcc.o(.text)
    RCC_WaitForHSEStartUp                    0x08001b33   Thumb Code    56  stm32f10x_rcc.o(.text)
    RCC_AdjustHSICalibrationValue            0x08001b6b   Thumb Code    20  stm32f10x_rcc.o(.text)
    RCC_HSICmd                               0x08001b7f   Thumb Code     6  stm32f10x_rcc.o(.text)
    RCC_PLLConfig                            0x08001b85   Thumb Code    24  stm32f10x_rcc.o(.text)
    RCC_PLLCmd                               0x08001b9d   Thumb Code     6  stm32f10x_rcc.o(.text)
    RCC_SYSCLKConfig                         0x08001ba3   Thumb Code    18  stm32f10x_rcc.o(.text)
    RCC_GetSYSCLKSource                      0x08001bb5   Thumb Code    10  stm32f10x_rcc.o(.text)
    RCC_HCLKConfig                           0x08001bbf   Thumb Code    18  stm32f10x_rcc.o(.text)
    RCC_PCLK1Config                          0x08001bd1   Thumb Code    18  stm32f10x_rcc.o(.text)
    RCC_PCLK2Config                          0x08001be3   Thumb Code    20  stm32f10x_rcc.o(.text)
    RCC_ITConfig                             0x08001bf7   Thumb Code    26  stm32f10x_rcc.o(.text)
    RCC_USBCLKConfig                         0x08001c11   Thumb Code     8  stm32f10x_rcc.o(.text)
    RCC_ADCCLKConfig                         0x08001c19   Thumb Code    18  stm32f10x_rcc.o(.text)
    RCC_LSEConfig                            0x08001c2b   Thumb Code    50  stm32f10x_rcc.o(.text)
    RCC_LSICmd                               0x08001c5d   Thumb Code     6  stm32f10x_rcc.o(.text)
    RCC_RTCCLKConfig                         0x08001c63   Thumb Code    12  stm32f10x_rcc.o(.text)
    RCC_RTCCLKCmd                            0x08001c6f   Thumb Code     8  stm32f10x_rcc.o(.text)
    RCC_GetClocksFreq                        0x08001c77   Thumb Code   192  stm32f10x_rcc.o(.text)
    RCC_AHBPeriphClockCmd                    0x08001d37   Thumb Code    26  stm32f10x_rcc.o(.text)
    RCC_APB2PeriphClockCmd                   0x08001d51   Thumb Code    26  stm32f10x_rcc.o(.text)
    RCC_APB1PeriphClockCmd                   0x08001d6b   Thumb Code    26  stm32f10x_rcc.o(.text)
    RCC_APB2PeriphResetCmd                   0x08001d85   Thumb Code    26  stm32f10x_rcc.o(.text)
    RCC_APB1PeriphResetCmd                   0x08001d9f   Thumb Code    26  stm32f10x_rcc.o(.text)
    RCC_BackupResetCmd                       0x08001db9   Thumb Code     8  stm32f10x_rcc.o(.text)
    RCC_ClockSecuritySystemCmd               0x08001dc1   Thumb Code     6  stm32f10x_rcc.o(.text)
    RCC_MCOConfig                            0x08001dc7   Thumb Code     6  stm32f10x_rcc.o(.text)
    RCC_ClearFlag                            0x08001dcd   Thumb Code    14  stm32f10x_rcc.o(.text)
    RCC_GetITStatus                          0x08001ddb   Thumb Code    20  stm32f10x_rcc.o(.text)
    RCC_ClearITPendingBit                    0x08001def   Thumb Code     6  stm32f10x_rcc.o(.text)
    RTC_ITConfig                             0x08001e19   Thumb Code    26  stm32f10x_rtc.o(.text)
    RTC_EnterConfigMode                      0x08001e33   Thumb Code    18  stm32f10x_rtc.o(.text)
    RTC_ExitConfigMode                       0x08001e45   Thumb Code    20  stm32f10x_rtc.o(.text)
    RTC_GetCounter                           0x08001e59   Thumb Code    18  stm32f10x_rtc.o(.text)
    RTC_SetCounter                           0x08001e6b   Thumb Code    26  stm32f10x_rtc.o(.text)
    RTC_SetPrescaler                         0x08001e85   Thumb Code    28  stm32f10x_rtc.o(.text)
    RTC_SetAlarm                             0x08001ea1   Thumb Code    26  stm32f10x_rtc.o(.text)
    RTC_GetDivider                           0x08001ebb   Thumb Code    22  stm32f10x_rtc.o(.text)
    RTC_WaitForLastTask                      0x08001ed1   Thumb Code    18  stm32f10x_rtc.o(.text)
    RTC_WaitForSynchro                       0x08001ee3   Thumb Code    36  stm32f10x_rtc.o(.text)
    RTC_GetFlagStatus                        0x08001f07   Thumb Code    22  stm32f10x_rtc.o(.text)
    RTC_ClearFlag                            0x08001f1d   Thumb Code    16  stm32f10x_rtc.o(.text)
    RTC_GetITStatus                          0x08001f2d   Thumb Code    32  stm32f10x_rtc.o(.text)
    RTC_ClearITPendingBit                    0x08001f4d   Thumb Code    16  stm32f10x_rtc.o(.text)
    SPI_I2S_DeInit                           0x08001f61   Thumb Code    76  stm32f10x_spi.o(.text)
    SPI_Init                                 0x08001fad   Thumb Code    60  stm32f10x_spi.o(.text)
    I2S_Init                                 0x08001fe9   Thumb Code   226  stm32f10x_spi.o(.text)
    SPI_StructInit                           0x080020cb   Thumb Code    24  stm32f10x_spi.o(.text)
    I2S_StructInit                           0x080020e3   Thumb Code    20  stm32f10x_spi.o(.text)
    SPI_Cmd                                  0x080020f7   Thumb Code    24  stm32f10x_spi.o(.text)
    I2S_Cmd                                  0x0800210f   Thumb Code    24  stm32f10x_spi.o(.text)
    SPI_I2S_ITConfig                         0x08002127   Thumb Code    32  stm32f10x_spi.o(.text)
    SPI_I2S_DMACmd                           0x08002147   Thumb Code    18  stm32f10x_spi.o(.text)
    SPI_I2S_SendData                         0x08002159   Thumb Code     4  stm32f10x_spi.o(.text)
    SPI_I2S_ReceiveData                      0x0800215d   Thumb Code     6  stm32f10x_spi.o(.text)
    SPI_NSSInternalSoftwareConfig            0x08002163   Thumb Code    30  stm32f10x_spi.o(.text)
    SPI_SSOutputCmd                          0x08002181   Thumb Code    24  stm32f10x_spi.o(.text)
    SPI_DataSizeConfig                       0x08002199   Thumb Code    18  stm32f10x_spi.o(.text)
    SPI_TransmitCRC                          0x080021ab   Thumb Code    10  stm32f10x_spi.o(.text)
    SPI_CalculateCRC                         0x080021b5   Thumb Code    24  stm32f10x_spi.o(.text)
    SPI_GetCRC                               0x080021cd   Thumb Code    16  stm32f10x_spi.o(.text)
    SPI_GetCRCPolynomial                     0x080021dd   Thumb Code     6  stm32f10x_spi.o(.text)
    SPI_BiDirectionalLineConfig              0x080021e3   Thumb Code    28  stm32f10x_spi.o(.text)
    SPI_I2S_GetFlagStatus                    0x080021ff   Thumb Code    18  stm32f10x_spi.o(.text)
    SPI_I2S_ClearFlag                        0x08002211   Thumb Code     6  stm32f10x_spi.o(.text)
    SPI_I2S_GetITStatus                      0x08002217   Thumb Code    52  stm32f10x_spi.o(.text)
    SPI_I2S_ClearITPendingBit                0x0800224b   Thumb Code    20  stm32f10x_spi.o(.text)
    TIM_DeInit                               0x0800226d   Thumb Code   424  stm32f10x_tim.o(.text)
    TIM_TimeBaseInit                         0x08002415   Thumb Code   122  stm32f10x_tim.o(.text)
    TIM_OC1Init                              0x0800248f   Thumb Code   132  stm32f10x_tim.o(.text)
    TIM_OC2Init                              0x08002513   Thumb Code   154  stm32f10x_tim.o(.text)
    TIM_OC3Init                              0x080025ad   Thumb Code   150  stm32f10x_tim.o(.text)
    TIM_OC4Init                              0x08002643   Thumb Code   182  stm32f10x_tim.o(.text)
    TIM_SetIC4Prescaler                      0x080026f9   Thumb Code    26  stm32f10x_tim.o(.text)
    TIM_SetIC3Prescaler                      0x08002795   Thumb Code    18  stm32f10x_tim.o(.text)
    TIM_SetIC2Prescaler                      0x08002821   Thumb Code    26  stm32f10x_tim.o(.text)
    TIM_SetIC1Prescaler                      0x080028bd   Thumb Code    18  stm32f10x_tim.o(.text)
    TIM_ICInit                               0x0800293b   Thumb Code   150  stm32f10x_tim.o(.text)
    TIM_PWMIConfig                           0x080029d1   Thumb Code   124  stm32f10x_tim.o(.text)
    TIM_BDTRConfig                           0x08002a4d   Thumb Code    32  stm32f10x_tim.o(.text)
    TIM_TimeBaseStructInit                   0x08002a6d   Thumb Code    18  stm32f10x_tim.o(.text)
    TIM_OCStructInit                         0x08002a7f   Thumb Code    20  stm32f10x_tim.o(.text)
    TIM_ICStructInit                         0x08002a93   Thumb Code    18  stm32f10x_tim.o(.text)
    TIM_BDTRStructInit                       0x08002aa5   Thumb Code    40  stm32f10x_tim.o(.text)
    TIM_Cmd                                  0x08002acd   Thumb Code    24  stm32f10x_tim.o(.text)
    TIM_CtrlPWMOutputs                       0x08002ae5   Thumb Code    30  stm32f10x_tim.o(.text)
    TIM_ITConfig                             0x08002b03   Thumb Code    18  stm32f10x_tim.o(.text)
    TIM_GenerateEvent                        0x08002b15   Thumb Code     4  stm32f10x_tim.o(.text)
    TIM_DMAConfig                            0x08002b19   Thumb Code    10  stm32f10x_tim.o(.text)
    TIM_DMACmd                               0x08002b23   Thumb Code    18  stm32f10x_tim.o(.text)
    TIM_InternalClockConfig                  0x08002b35   Thumb Code    12  stm32f10x_tim.o(.text)
    TIM_SelectInputTrigger                   0x08002b41   Thumb Code    18  stm32f10x_tim.o(.text)
    TIM_ITRxExternalClockConfig              0x08002b53   Thumb Code    24  stm32f10x_tim.o(.text)
    TIM_TIxExternalClockConfig               0x08002b6b   Thumb Code    62  stm32f10x_tim.o(.text)
    TIM_ETRConfig                            0x08002ba9   Thumb Code    28  stm32f10x_tim.o(.text)
    TIM_ETRClockMode1Config                  0x08002bc5   Thumb Code    54  stm32f10x_tim.o(.text)
    TIM_ETRClockMode2Config                  0x08002bfb   Thumb Code    32  stm32f10x_tim.o(.text)
    TIM_PrescalerConfig                      0x08002c1b   Thumb Code     6  stm32f10x_tim.o(.text)
    TIM_CounterModeConfig                    0x08002c21   Thumb Code    18  stm32f10x_tim.o(.text)
    TIM_EncoderInterfaceConfig               0x08002c33   Thumb Code    66  stm32f10x_tim.o(.text)
    TIM_ForcedOC1Config                      0x08002c75   Thumb Code    18  stm32f10x_tim.o(.text)
    TIM_ForcedOC2Config                      0x08002c87   Thumb Code    26  stm32f10x_tim.o(.text)
    TIM_ForcedOC3Config                      0x08002ca1   Thumb Code    18  stm32f10x_tim.o(.text)
    TIM_ForcedOC4Config                      0x08002cb3   Thumb Code    26  stm32f10x_tim.o(.text)
    TIM_ARRPreloadConfig                     0x08002ccd   Thumb Code    24  stm32f10x_tim.o(.text)
    TIM_SelectCOM                            0x08002ce5   Thumb Code    24  stm32f10x_tim.o(.text)
    TIM_SelectCCDMA                          0x08002cfd   Thumb Code    24  stm32f10x_tim.o(.text)
    TIM_CCPreloadControl                     0x08002d15   Thumb Code    24  stm32f10x_tim.o(.text)
    TIM_OC1PreloadConfig                     0x08002d2d   Thumb Code    18  stm32f10x_tim.o(.text)
    TIM_OC2PreloadConfig                     0x08002d3f   Thumb Code    26  stm32f10x_tim.o(.text)
    TIM_OC3PreloadConfig                     0x08002d59   Thumb Code    18  stm32f10x_tim.o(.text)
    TIM_OC4PreloadConfig                     0x08002d6b   Thumb Code    26  stm32f10x_tim.o(.text)
    TIM_OC1FastConfig                        0x08002d85   Thumb Code    18  stm32f10x_tim.o(.text)
    TIM_OC2FastConfig                        0x08002d97   Thumb Code    26  stm32f10x_tim.o(.text)
    TIM_OC3FastConfig                        0x08002db1   Thumb Code    18  stm32f10x_tim.o(.text)
    TIM_OC4FastConfig                        0x08002dc3   Thumb Code    26  stm32f10x_tim.o(.text)
    TIM_ClearOC1Ref                          0x08002ddd   Thumb Code    18  stm32f10x_tim.o(.text)
    TIM_ClearOC2Ref                          0x08002def   Thumb Code    24  stm32f10x_tim.o(.text)
    TIM_ClearOC3Ref                          0x08002e07   Thumb Code    18  stm32f10x_tim.o(.text)
    TIM_ClearOC4Ref                          0x08002e19   Thumb Code    24  stm32f10x_tim.o(.text)
    TIM_OC1PolarityConfig                    0x08002e31   Thumb Code    18  stm32f10x_tim.o(.text)
    TIM_OC1NPolarityConfig                   0x08002e43   Thumb Code    18  stm32f10x_tim.o(.text)
    TIM_OC2PolarityConfig                    0x08002e55   Thumb Code    26  stm32f10x_tim.o(.text)
    TIM_OC2NPolarityConfig                   0x08002e6f   Thumb Code    26  stm32f10x_tim.o(.text)
    TIM_OC3PolarityConfig                    0x08002e89   Thumb Code    26  stm32f10x_tim.o(.text)
    TIM_OC3NPolarityConfig                   0x08002ea3   Thumb Code    26  stm32f10x_tim.o(.text)
    TIM_OC4PolarityConfig                    0x08002ebd   Thumb Code    26  stm32f10x_tim.o(.text)
    TIM_CCxCmd                               0x08002ed7   Thumb Code    30  stm32f10x_tim.o(.text)
    TIM_CCxNCmd                              0x08002ef5   Thumb Code    30  stm32f10x_tim.o(.text)
    TIM_SelectOCxM                           0x08002f13   Thumb Code    82  stm32f10x_tim.o(.text)
    TIM_UpdateDisableConfig                  0x08002f65   Thumb Code    24  stm32f10x_tim.o(.text)
    TIM_UpdateRequestConfig                  0x08002f7d   Thumb Code    24  stm32f10x_tim.o(.text)
    TIM_SelectHallSensor                     0x08002f95   Thumb Code    24  stm32f10x_tim.o(.text)
    TIM_SelectOnePulseMode                   0x08002fad   Thumb Code    18  stm32f10x_tim.o(.text)
    TIM_SelectOutputTrigger                  0x08002fbf   Thumb Code    18  stm32f10x_tim.o(.text)
    TIM_SelectSlaveMode                      0x08002fd1   Thumb Code    18  stm32f10x_tim.o(.text)
    TIM_SelectMasterSlaveMode                0x08002fe3   Thumb Code    18  stm32f10x_tim.o(.text)
    TIM_SetCounter                           0x08002ff5   Thumb Code     4  stm32f10x_tim.o(.text)
    TIM_SetAutoreload                        0x08002ff9   Thumb Code     4  stm32f10x_tim.o(.text)
    TIM_SetCompare1                          0x08002ffd   Thumb Code     4  stm32f10x_tim.o(.text)
    TIM_SetCompare2                          0x08003001   Thumb Code     4  stm32f10x_tim.o(.text)
    TIM_SetCompare3                          0x08003005   Thumb Code     4  stm32f10x_tim.o(.text)
    TIM_SetCompare4                          0x08003009   Thumb Code     6  stm32f10x_tim.o(.text)
    TIM_SetClockDivision                     0x0800300f   Thumb Code    18  stm32f10x_tim.o(.text)
    TIM_GetCapture1                          0x08003021   Thumb Code     6  stm32f10x_tim.o(.text)
    TIM_GetCapture2                          0x08003027   Thumb Code     6  stm32f10x_tim.o(.text)
    TIM_GetCapture3                          0x0800302d   Thumb Code     6  stm32f10x_tim.o(.text)
    TIM_GetCapture4                          0x08003033   Thumb Code     8  stm32f10x_tim.o(.text)
    TIM_GetCounter                           0x0800303b   Thumb Code     6  stm32f10x_tim.o(.text)
    TIM_GetPrescaler                         0x08003041   Thumb Code     6  stm32f10x_tim.o(.text)
    TIM_GetFlagStatus                        0x08003047   Thumb Code    18  stm32f10x_tim.o(.text)
    TIM_ClearFlag                            0x08003059   Thumb Code     6  stm32f10x_tim.o(.text)
    TIM_GetITStatus                          0x0800305f   Thumb Code    34  stm32f10x_tim.o(.text)
    TIM_ClearITPendingBit                    0x08003081   Thumb Code     6  stm32f10x_tim.o(.text)
    USART_DeInit                             0x08003089   Thumb Code   134  stm32f10x_usart.o(.text)
    USART_Init                               0x0800310f   Thumb Code   210  stm32f10x_usart.o(.text)
    USART_StructInit                         0x080031e1   Thumb Code    24  stm32f10x_usart.o(.text)
    USART_ClockInit                          0x080031f9   Thumb Code    34  stm32f10x_usart.o(.text)
    USART_ClockStructInit                    0x0800321b   Thumb Code    12  stm32f10x_usart.o(.text)
    USART_Cmd                                0x08003227   Thumb Code    24  stm32f10x_usart.o(.text)
    USART_ITConfig                           0x0800323f   Thumb Code    74  stm32f10x_usart.o(.text)
    USART_DMACmd                             0x08003289   Thumb Code    18  stm32f10x_usart.o(.text)
    USART_SetAddress                         0x0800329b   Thumb Code    18  stm32f10x_usart.o(.text)
    USART_WakeUpConfig                       0x080032ad   Thumb Code    18  stm32f10x_usart.o(.text)
    USART_ReceiverWakeUpCmd                  0x080032bf   Thumb Code    24  stm32f10x_usart.o(.text)
    USART_LINBreakDetectLengthConfig         0x080032d7   Thumb Code    18  stm32f10x_usart.o(.text)
    USART_LINCmd                             0x080032e9   Thumb Code    24  stm32f10x_usart.o(.text)
    USART_SendData                           0x08003301   Thumb Code     8  stm32f10x_usart.o(.text)
    USART_ReceiveData                        0x08003309   Thumb Code    10  stm32f10x_usart.o(.text)
    USART_SendBreak                          0x08003313   Thumb Code    10  stm32f10x_usart.o(.text)
    USART_SetGuardTime                       0x0800331d   Thumb Code    16  stm32f10x_usart.o(.text)
    USART_SetPrescaler                       0x0800332d   Thumb Code    16  stm32f10x_usart.o(.text)
    USART_SmartCardCmd                       0x0800333d   Thumb Code    24  stm32f10x_usart.o(.text)
    USART_SmartCardNACKCmd                   0x08003355   Thumb Code    24  stm32f10x_usart.o(.text)
    USART_HalfDuplexCmd                      0x0800336d   Thumb Code    24  stm32f10x_usart.o(.text)
    USART_OverSampling8Cmd                   0x08003385   Thumb Code    22  stm32f10x_usart.o(.text)
    USART_OneBitMethodCmd                    0x0800339b   Thumb Code    24  stm32f10x_usart.o(.text)
    USART_IrDAConfig                         0x080033b3   Thumb Code    18  stm32f10x_usart.o(.text)
    USART_IrDACmd                            0x080033c5   Thumb Code    24  stm32f10x_usart.o(.text)
    USART_GetFlagStatus                      0x080033dd   Thumb Code    26  stm32f10x_usart.o(.text)
    USART_ClearFlag                          0x080033f7   Thumb Code    18  stm32f10x_usart.o(.text)
    USART_GetITStatus                        0x08003409   Thumb Code    84  stm32f10x_usart.o(.text)
    USART_ClearITPendingBit                  0x0800345d   Thumb Code    52  stm32f10x_usart.o(.text)
    delay_init                               0x08003491   Thumb Code    50  delay.o(.text)
    delay_us                                 0x080034c3   Thumb Code    72  delay.o(.text)
    delay_ms                                 0x0800350b   Thumb Code    72  delay.o(.text)
    _sys_exit                                0x08003565   Thumb Code     4  usart.o(.text)
    fputc                                    0x08003569   Thumb Code    24  usart.o(.text)
    uart_init                                0x08003581   Thumb Code   152  usart.o(.text)
    u1_send_byte                             0x08003619   Thumb Code    28  usart.o(.text)
    USART1_IRQHandler                        0x08003635   Thumb Code   122  usart.o(.text)
    LED_Init                                 0x080036c1   Thumb Code    50  led.o(.text)
    USART2_IRQHandler                        0x080036f9   Thumb Code   162  usart2.o(.text)
    USART2_Init                              0x0800379b   Thumb Code   162  usart2.o(.text)
    u2_printf                                0x0800383d   Thumb Code    72  usart2.o(.text)
    USART3_IRQHandler                        0x080038bd   Thumb Code   236  usart3.o(.text)
    Check_LORA_Return_Is_OK                  0x080039a9   Thumb Code   136  usart3.o(.text)
    usart3_init                              0x08003a31   Thumb Code   172  usart3.o(.text)
    u3_printf                                0x08003add   Thumb Code    72  usart3.o(.text)
    u3_send_byte                             0x08003b25   Thumb Code    28  usart3.o(.text)
    u3_get_byte                              0x08003b41   Thumb Code    30  usart3.o(.text)
    USART3_RX_Data                           0x08003b5f   Thumb Code    54  usart3.o(.text)
    Send_Cmd                                 0x08003bf9   Thumb Code    72  lora.o(.text)
    Quer_Cmd                                 0x08003c41   Thumb Code    72  lora.o(.text)
    AUX_Check                                0x08003c89   Thumb Code    20  lora.o(.text)
    LORA_Set_Mode                            0x08003c9d   Thumb Code   244  lora.o(.text)
    LORA_Check                               0x08003d91   Thumb Code   114  lora.o(.text)
    LORA_Init                                0x08003e03   Thumb Code    90  lora.o(.text)
    Send_Data                                0x08003e5d   Thumb Code    82  lora.o(.text)
    To_Configure                             0x08003eaf   Thumb Code    30  lora.o(.text)
    TIM3_Cap_Init                            0x080041a1   Thumb Code   104  timer.o(.text)
    system_time_increase                     0x08004209   Thumb Code   344  timer.o(.text)
    TIM3_IRQHandler                          0x08004361   Thumb Code    88  timer.o(.text)
    Set_Time                                 0x080043b9   Thumb Code   704  timer.o(.text)
    EXTIX_Init                               0x08004689   Thumb Code    98  exti.o(.text)
    EXTI9_5_IRQHandler                       0x080046eb   Thumb Code   118  exti.o(.text)
    RTC_Get_Week                             0x080047a1   Thumb Code   116  rtc.o(.text)
    Is_Leap_Year                             0x08004815   Thumb Code    58  rtc.o(.text)
    RTC_Get                                  0x0800484f   Thumb Code   240  rtc.o(.text)
    RTC_Set                                  0x0800493f   Thumb Code   188  rtc.o(.text)
    RTC_Init                                 0x080049fb   Thumb Code   190  rtc.o(.text)
    RTC_IRQHandler                           0x08004ab9   Thumb Code   104  rtc.o(.text)
    IWDG_Init                                0x08004b59   Thumb Code    36  iwdg.o(.text)
    IWDG_Feed                                0x08004b7d   Thumb Code     8  iwdg.o(.text)
    GUI_DrawPoint                            0x08004b85   Thumb Code    24  gui.o(.text)
    LCD_Fill                                 0x08004b9d   Thumb Code   110  gui.o(.text)
    LCD_DrawLine                             0x08004c0b   Thumb Code   176  gui.o(.text)
    LCD_DrawRectangle                        0x08004cbb   Thumb Code    64  gui.o(.text)
    LCD_DrawFillRectangle                    0x08004cfb   Thumb Code    30  gui.o(.text)
    _draw_circle_8                           0x08004d19   Thumb Code   132  gui.o(.text)
    gui_circle                               0x08004d9d   Thumb Code   154  gui.o(.text)
    Draw_Triangel                            0x08004e37   Thumb Code    56  gui.o(.text)
    Fill_Triangel                            0x08004e79   Thumb Code   532  gui.o(.text)
    LCD_ShowChar                             0x0800508d   Thumb Code   276  gui.o(.text)
    LCD_ShowString                           0x080051a1   Thumb Code    94  gui.o(.text)
    mypow                                    0x080051ff   Thumb Code    22  gui.o(.text)
    LCD_ShowNum                              0x08005215   Thumb Code   168  gui.o(.text)
    GUI_DrawFont16                           0x080052bd   Thumb Code   252  gui.o(.text)
    GUI_DrawFont24                           0x080053b9   Thumb Code   298  gui.o(.text)
    GUI_DrawFont32                           0x080054e3   Thumb Code   252  gui.o(.text)
    Show_Str                                 0x080055df   Thumb Code   264  gui.o(.text)
    Gui_StrCenter                            0x080056e7   Thumb Code    60  gui.o(.text)
    Gui_Drawbmp16                            0x08005723   Thumb Code    90  gui.o(.text)
    LCD_WR_REG                               0x0800578d   Thumb Code    34  lcd.o(.text)
    LCD_WR_DATA                              0x080057af   Thumb Code    36  lcd.o(.text)
    LCD_WriteReg                             0x080057d3   Thumb Code    20  lcd.o(.text)
    LCD_WriteRAM_Prepare                     0x080057e7   Thumb Code    12  lcd.o(.text)
    Lcd_WriteData_16Bit                      0x080057f3   Thumb Code    42  lcd.o(.text)
    LCD_SetWindows                           0x0800581d   Thumb Code    84  lcd.o(.text)
    LCD_SetCursor                            0x08005871   Thumb Code    20  lcd.o(.text)
    LCD_DrawPoint                            0x08005885   Thumb Code    24  lcd.o(.text)
    LCD_Clear                                0x0800589d   Thumb Code   100  lcd.o(.text)
    LCD_GPIOInit                             0x08005901   Thumb Code    80  lcd.o(.text)
    LCD_RESET                                0x08005951   Thumb Code    34  lcd.o(.text)
    LCD_direction                            0x08005973   Thumb Code   128  lcd.o(.text)
    LCD_Init                                 0x080059f3   Thumb Code   654  lcd.o(.text)
    Control_screen_on_off                    0x08005c81   Thumb Code    36  lcd.o(.text)
    DrawTestPage                             0x08005cb1   Thumb Code   118  test.o(.text)
    Rotate_Test                              0x08005d27   Thumb Code   534  test.o(.text)
    SheZhi_View                              0x08005f3d   Thumb Code   718  test.o(.text)
    Load_Keyboard                            0x0800620b   Thumb Code     2  test.o(.text)
    AT24CXX_Init                             0x0800620d   Thumb Code     8  24cxx.o(.text)
    AT24CXX_ReadOneByte                      0x08006215   Thumb Code    88  24cxx.o(.text)
    AT24CXX_WriteOneByte                     0x0800626d   Thumb Code    80  24cxx.o(.text)
    AT24CXX_WriteLenByte                     0x080062bd   Thumb Code    42  24cxx.o(.text)
    AT24CXX_ReadLenByte                      0x080062e7   Thumb Code    44  24cxx.o(.text)
    AT24CXX_Check                            0x08006313   Thumb Code    46  24cxx.o(.text)
    AT24CXX_Read                             0x08006341   Thumb Code    34  24cxx.o(.text)
    AT24CXX_Write                            0x08006363   Thumb Code    36  24cxx.o(.text)
    IIC_Init                                 0x08006389   Thumb Code    68  myiic.o(.text)
    IIC_Start                                0x080063cd   Thumb Code    72  myiic.o(.text)
    IIC_Stop                                 0x08006415   Thumb Code    66  myiic.o(.text)
    IIC_Wait_Ack                             0x08006457   Thumb Code    96  myiic.o(.text)
    IIC_Ack                                  0x080064b7   Thumb Code    70  myiic.o(.text)
    IIC_NAck                                 0x080064fd   Thumb Code    70  myiic.o(.text)
    IIC_Send_Byte                            0x08006543   Thumb Code    94  myiic.o(.text)
    IIC_Read_Byte                            0x080065a1   Thumb Code   102  myiic.o(.text)
    SPIv_WriteData                           0x0800662d   Thumb Code    66  spi.o(.text)
    SPI2_ReadWriteByte                       0x0800666f   Thumb Code    78  spi.o(.text)
    SPI2_Init                                0x080066bd   Thumb Code   122  spi.o(.text)
    SPI2_SetSpeed                            0x08006737   Thumb Code    26  spi.o(.text)
    TP_Write_Byte                            0x0800675d   Thumb Code    54  touch.o(.text)
    TP_Read_AD                               0x08006793   Thumb Code   126  touch.o(.text)
    TP_Read_XOY                              0x08006811   Thumb Code   120  touch.o(.text)
    TP_Read_XY                               0x08006889   Thumb Code    50  touch.o(.text)
    TP_Read_XY2                              0x080068bb   Thumb Code   192  touch.o(.text)
    TP_Drow_Touch_Point                      0x0800697b   Thumb Code   116  touch.o(.text)
    TP_Draw_Big_Point                        0x080069ef   Thumb Code    54  touch.o(.text)
    TP_Scan                                  0x08006a25   Thumb Code   246  touch.o(.text)
    TP_Save_Adjdata                          0x08006b1b   Thumb Code   154  touch.o(.text)
    TP_Get_Adjdata                           0x08006bb5   Thumb Code   152  touch.o(.text)
    TP_Adj_Info_Show                         0x08006c4d   Thumb Code   320  touch.o(.text)
    TP_Adjust                                0x08006d8d   Thumb Code  2260  touch.o(.text)
    TP_Init                                  0x08007661   Thumb Code   198  touch.o(.text)
    EXTI4_IRQHandler                         0x08007727   Thumb Code  3242  touch.o(.text)
    KEY_Init                                 0x08008411   Thumb Code    40  key.o(.text)
    KEY_Scan                                 0x08008439   Thumb Code    36  key.o(.text)
    SD_SPI_ReadWriteByte                     0x08008465   Thumb Code    12  mmc_sd.o(.text)
    SD_SPI_SpeedLow                          0x08008471   Thumb Code    10  mmc_sd.o(.text)
    SD_SPI_SpeedHigh                         0x0800847b   Thumb Code    10  mmc_sd.o(.text)
    SD_SPI_Init                              0x08008485   Thumb Code    56  mmc_sd.o(.text)
    SD_DisSelect                             0x080084bd   Thumb Code    16  mmc_sd.o(.text)
    SD_WaitReady                             0x080084cd   Thumb Code    34  mmc_sd.o(.text)
    SD_Select                                0x080084ef   Thumb Code    26  mmc_sd.o(.text)
    SD_GetResponse                           0x08008509   Thumb Code    38  mmc_sd.o(.text)
    SD_RecvData                              0x0800852f   Thumb Code    56  mmc_sd.o(.text)
    SD_SendBlock                             0x08008567   Thumb Code    82  mmc_sd.o(.text)
    SD_SendCmd                               0x080085b9   Thumb Code   120  mmc_sd.o(.text)
    SD_GetCID                                0x08008631   Thumb Code    42  mmc_sd.o(.text)
    SD_GetCSD                                0x0800865b   Thumb Code    42  mmc_sd.o(.text)
    SD_GetSectorCount                        0x08008685   Thumb Code   118  mmc_sd.o(.text)
    SD_Initialize                            0x080086fb   Thumb Code   436  mmc_sd.o(.text)
    SD_ReadDisk                              0x080088af   Thumb Code   112  mmc_sd.o(.text)
    SD_WriteDisk                             0x0800891f   Thumb Code   140  mmc_sd.o(.text)
    exfuns_init                              0x080089b1   Thumb Code    82  exfuns.o(.text)
    char_upper                               0x08008a03   Thumb Code    26  exfuns.o(.text)
    f_typetell                               0x08008a1d   Thumb Code   188  exfuns.o(.text)
    exf_getfree                              0x08008ad9   Thumb Code    74  exfuns.o(.text)
    disk_initialize                          0x08008b39   Thumb Code    48  diskio.o(.text)
    disk_status                              0x08008b69   Thumb Code     6  diskio.o(.text)
    disk_read                                0x08008b6f   Thumb Code    82  diskio.o(.text)
    disk_write                               0x08008bc1   Thumb Code    62  diskio.o(.text)
    disk_ioctl                               0x08008bff   Thumb Code   154  diskio.o(.text)
    get_fattime                              0x08008c99   Thumb Code     4  diskio.o(.text)
    ff_memalloc                              0x08008c9d   Thumb Code    12  diskio.o(.text)
    ff_memfree                               0x08008ca9   Thumb Code    12  diskio.o(.text)
    clust2sect                               0x08008e6b   Thumb Code    26  ff.o(.text)
    get_fat                                  0x08008e85   Thumb Code   232  ff.o(.text)
    put_fat                                  0x08008f6d   Thumb Code   310  ff.o(.text)
    f_mount                                  0x08009c33   Thumb Code    86  ff.o(.text)
    f_open                                   0x08009c89   Thumb Code   356  ff.o(.text)
    f_read                                   0x08009ded   Thumb Code   452  ff.o(.text)
    f_write                                  0x08009fb1   Thumb Code   498  ff.o(.text)
    f_sync                                   0x0800a1a3   Thumb Code   176  ff.o(.text)
    f_close                                  0x0800a253   Thumb Code    32  ff.o(.text)
    f_lseek                                  0x0800a273   Thumb Code   654  ff.o(.text)
    f_opendir                                0x0800a501   Thumb Code   110  ff.o(.text)
    f_closedir                               0x0800a56f   Thumb Code    22  ff.o(.text)
    f_readdir                                0x0800a585   Thumb Code    88  ff.o(.text)
    f_stat                                   0x0800a5dd   Thumb Code    60  ff.o(.text)
    f_getfree                                0x0800a619   Thumb Code   258  ff.o(.text)
    f_truncate                               0x0800a71b   Thumb Code   184  ff.o(.text)
    f_unlink                                 0x0800a7d3   Thumb Code   170  ff.o(.text)
    f_mkdir                                  0x0800a87d   Thumb Code   352  ff.o(.text)
    f_chmod                                  0x0800a9dd   Thumb Code    84  ff.o(.text)
    f_utime                                  0x0800aa31   Thumb Code    86  ff.o(.text)
    f_rename                                 0x0800aa87   Thumb Code   284  ff.o(.text)
    f_getlabel                               0x0800aba3   Thumb Code   190  ff.o(.text)
    f_setlabel                               0x0800ac61   Thumb Code   388  ff.o(.text)
    f_mkfs                                   0x0800ade5   Thumb Code  1574  ff.o(.text)
    f_gets                                   0x0800b40b   Thumb Code    82  ff.o(.text)
    f_putc                                   0x0800b4a1   Thumb Code    64  ff.o(.text)
    f_puts                                   0x0800b4e1   Thumb Code    74  ff.o(.text)
    f_printf                                 0x0800b52b   Thumb Code   674  ff.o(.text)
    mf_mount                                 0x0800b7cd   Thumb Code    20  fattester.o(.text)
    mf_open                                  0x0800b7e1   Thumb Code    24  fattester.o(.text)
    mf_close                                 0x0800b7f9   Thumb Code    14  fattester.o(.text)
    mf_read                                  0x0800b807   Thumb Code   296  fattester.o(.text)
    mf_write                                 0x0800b92f   Thumb Code    68  fattester.o(.text)
    mf_opendir                               0x0800b973   Thumb Code    14  fattester.o(.text)
    mf_closedir                              0x0800b981   Thumb Code    10  fattester.o(.text)
    mf_readdir                               0x0800b98b   Thumb Code   148  fattester.o(.text)
    mf_scan_files                            0x0800ba1f   Thumb Code    72  fattester.o(.text)
    mf_showfree                              0x0800ba67   Thumb Code    88  fattester.o(.text)
    mf_lseek                                 0x0800babf   Thumb Code    16  fattester.o(.text)
    mf_tell                                  0x0800bacf   Thumb Code     8  fattester.o(.text)
    mf_size                                  0x0800bad7   Thumb Code    22  fattester.o(.text)
    mf_mkdir                                 0x0800baed   Thumb Code    12  fattester.o(.text)
    mf_fmkfs                                 0x0800baf9   Thumb Code    20  fattester.o(.text)
    mf_unlink                                0x0800bb0d   Thumb Code    12  fattester.o(.text)
    mf_rename                                0x0800bb19   Thumb Code    16  fattester.o(.text)
    mf_getlabel                              0x0800bb29   Thumb Code    58  fattester.o(.text)
    mf_setlabel                              0x0800bb63   Thumb Code    34  fattester.o(.text)
    mf_gets                                  0x0800bb85   Thumb Code    38  fattester.o(.text)
    mf_getc                                  0x0800bbab   Thumb Code   762  fattester.o(.text)
    mf_putc                                  0x0800bea5   Thumb Code    18  fattester.o(.text)
    mf_puts                                  0x0800beb7   Thumb Code    18  fattester.o(.text)
    find_str_fun                             0x0800bec9   Thumb Code    62  fattester.o(.text)
    mf_find                                  0x0800bf07   Thumb Code   110  fattester.o(.text)
    mf_read_one_line                         0x0800bf75   Thumb Code    94  fattester.o(.text)
    mf_get_icon                              0x0800bfd3   Thumb Code    60  fattester.o(.text)
    mymemcpy                                 0x0800c081   Thumb Code    26  malloc.o(.text)
    mymemset                                 0x0800c09b   Thumb Code    20  malloc.o(.text)
    mem_init                                 0x0800c0af   Thumb Code    38  malloc.o(.text)
    mem_perused                              0x0800c0d5   Thumb Code    42  malloc.o(.text)
    mem_malloc                               0x0800c0ff   Thumb Code   116  malloc.o(.text)
    mem_free                                 0x0800c173   Thumb Code    66  malloc.o(.text)
    myfree                                   0x0800c1b5   Thumb Code    24  malloc.o(.text)
    mymalloc                                 0x0800c1cd   Thumb Code    28  malloc.o(.text)
    myrealloc                                0x0800c1e9   Thumb Code    50  malloc.o(.text)
    __aeabi_memset                           0x0800c221   Thumb Code    14  memseta.o(.text)
    __aeabi_memset4                          0x0800c221   Thumb Code     0  memseta.o(.text)
    __aeabi_memset8                          0x0800c221   Thumb Code     0  memseta.o(.text)
    __aeabi_memclr                           0x0800c22f   Thumb Code     4  memseta.o(.text)
    __aeabi_memclr4                          0x0800c22f   Thumb Code     0  memseta.o(.text)
    __aeabi_memclr8                          0x0800c22f   Thumb Code     0  memseta.o(.text)
    _memset$wrapper                          0x0800c233   Thumb Code    18  memseta.o(.text)
    strcat                                   0x0800c245   Thumb Code    24  strcat.o(.text)
    strlen                                   0x0800c25d   Thumb Code    14  strlen.o(.text)
    strcmp                                   0x0800c26b   Thumb Code    28  strcmp.o(.text)
    strcpy                                   0x0800c287   Thumb Code    18  strcpy.o(.text)
    __aeabi_fadd                             0x0800c299   Thumb Code   164  fadd.o(.text)
    __aeabi_fsub                             0x0800c33d   Thumb Code     6  fadd.o(.text)
    __aeabi_frsub                            0x0800c343   Thumb Code     6  fadd.o(.text)
    __aeabi_fmul                             0x0800c349   Thumb Code   100  fmul.o(.text)
    __aeabi_fdiv                             0x0800c3ad   Thumb Code   124  fdiv.o(.text)
    __aeabi_dmul                             0x0800c429   Thumb Code   228  dmul.o(.text)
    __aeabi_ddiv                             0x0800c50d   Thumb Code   222  ddiv.o(.text)
    __aeabi_i2f                              0x0800c5eb   Thumb Code    18  fflti.o(.text)
    __aeabi_ui2f                             0x0800c5fd   Thumb Code    10  ffltui.o(.text)
    __aeabi_ui2d                             0x0800c607   Thumb Code    26  dfltui.o(.text)
    __aeabi_f2iz                             0x0800c621   Thumb Code    50  ffixi.o(.text)
    __aeabi_f2uiz                            0x0800c653   Thumb Code    40  ffixui.o(.text)
    __aeabi_d2uiz                            0x0800c67b   Thumb Code    50  dfixui.o(.text)
    __aeabi_f2d                              0x0800c6ad   Thumb Code    38  f2d.o(.text)
    __aeabi_cdcmpeq                          0x0800c6d5   Thumb Code     0  cdcmple.o(.text)
    __aeabi_cdcmple                          0x0800c6d5   Thumb Code    48  cdcmple.o(.text)
    __aeabi_cdrcmple                         0x0800c705   Thumb Code    48  cdrcmple.o(.text)
    __aeabi_d2f                              0x0800c735   Thumb Code    56  d2f.o(.text)
    __aeabi_uidiv                            0x0800c76d   Thumb Code     0  uidiv.o(.text)
    __aeabi_uidivmod                         0x0800c76d   Thumb Code    44  uidiv.o(.text)
    __aeabi_uldivmod                         0x0800c799   Thumb Code    98  uldiv.o(.text)
    __aeabi_llsr                             0x0800c7fb   Thumb Code    32  llushr.o(.text)
    _ll_ushift_r                             0x0800c7fb   Thumb Code     0  llushr.o(.text)
    __I$use$fp                               0x0800c81b   Thumb Code     0  iusefp.o(.text)
    _float_round                             0x0800c81b   Thumb Code    18  fepilogue.o(.text)
    _float_epilogue                          0x0800c82d   Thumb Code    92  fepilogue.o(.text)
    _double_round                            0x0800c889   Thumb Code    30  depilogue.o(.text)
    _double_epilogue                         0x0800c8a7   Thumb Code   156  depilogue.o(.text)
    __aeabi_dadd                             0x0800c943   Thumb Code   322  dadd.o(.text)
    __aeabi_dsub                             0x0800ca85   Thumb Code     6  dadd.o(.text)
    __aeabi_drsub                            0x0800ca8b   Thumb Code     6  dadd.o(.text)
    _dsqrt                                   0x0800ca91   Thumb Code   162  dsqrt.o(.text)
    __aeabi_d2ulz                            0x0800cb33   Thumb Code    48  dfixul.o(.text)
    __scatterload                            0x0800cb65   Thumb Code    28  init.o(.text)
    __scatterload_rt2                        0x0800cb65   Thumb Code     0  init.o(.text)
    __aeabi_llsl                             0x0800cb89   Thumb Code    30  llshl.o(.text)
    _ll_shift_l                              0x0800cb89   Thumb Code     0  llshl.o(.text)
    __aeabi_lasr                             0x0800cba7   Thumb Code    36  llsshr.o(.text)
    _ll_sshift_r                             0x0800cba7   Thumb Code     0  llsshr.o(.text)
    __decompress                             0x0800cbcb   Thumb Code     0  __dczerorl2.o(.text)
    __decompress1                            0x0800cbcb   Thumb Code    86  __dczerorl2.o(.text)
    __0printf                                0x0800cc21   Thumb Code    22  printfa.o(i.__0printf)
    __1printf                                0x0800cc21   Thumb Code     0  printfa.o(i.__0printf)
    __2printf                                0x0800cc21   Thumb Code     0  printfa.o(i.__0printf)
    __c89printf                              0x0800cc21   Thumb Code     0  printfa.o(i.__0printf)
    printf                                   0x0800cc21   Thumb Code     0  printfa.o(i.__0printf)
    __0sprintf                               0x0800cc41   Thumb Code    34  printfa.o(i.__0sprintf)
    __1sprintf                               0x0800cc41   Thumb Code     0  printfa.o(i.__0sprintf)
    __2sprintf                               0x0800cc41   Thumb Code     0  printfa.o(i.__0sprintf)
    __c89sprintf                             0x0800cc41   Thumb Code     0  printfa.o(i.__0sprintf)
    sprintf                                  0x0800cc41   Thumb Code     0  printfa.o(i.__0sprintf)
    __0vsprintf                              0x0800cc69   Thumb Code    30  printfa.o(i.__0vsprintf)
    __1vsprintf                              0x0800cc69   Thumb Code     0  printfa.o(i.__0vsprintf)
    __2vsprintf                              0x0800cc69   Thumb Code     0  printfa.o(i.__0vsprintf)
    __c89vsprintf                            0x0800cc69   Thumb Code     0  printfa.o(i.__0vsprintf)
    vsprintf                                 0x0800cc69   Thumb Code     0  printfa.o(i.__0vsprintf)
    __scatterload_copy                       0x0800cc8d   Thumb Code    14  handlers.o(i.__scatterload_copy)
    __scatterload_null                       0x0800cc9b   Thumb Code     2  handlers.o(i.__scatterload_null)
    __scatterload_zeroinit                   0x0800cc9d   Thumb Code    14  handlers.o(i.__scatterload_zeroinit)
    __set_errno                              0x0800ccad   Thumb Code     6  errno.o(i.__set_errno)
    sqrt                                     0x0800d575   Thumb Code    76  sqrt.o(i.sqrt)
    table_week                               0x0800d5c0   Data          12  rtc.o(.constdata)
    mon_table                                0x0800d5cc   Data          12  rtc.o(.constdata)
    asc2_1206                                0x0800d5d8   Data        1140  gui.o(.constdata)
    asc2_1608                                0x0800da4c   Data        1520  gui.o(.constdata)
    tfont16                                  0x0800e03c   Data        3264  gui.o(.constdata)
    tfont24                                  0x0800ecfc   Data         518  gui.o(.constdata)
    tfont32                                  0x0800ef02   Data         520  gui.o(.constdata)
    Region$$Table$$Base                      0x0800f3c0   Number         0  anon$$obj.o(Region$$Table)
    Region$$Table$$Limit                     0x0800f3e0   Number         0  anon$$obj.o(Region$$Table)
    slave_num                                0x20000000   Data           1  main.o(.data)
    query_interval                           0x20000001   Data           1  main.o(.data)
    Screen_on_time                           0x20000002   Data           1  main.o(.data)
    slave                                    0x20000003   Data           1  main.o(.data)
    mf_open_sta                              0x20000004   Data           1  main.o(.data)
    retry_to_lora                            0x20000005   Data           1  main.o(.data)
    i                                        0x20000006   Data           1  main.o(.data)
    pos                                      0x20000007   Data           1  main.o(.data)
    head                                     0x20000008   Data           1  main.o(.data)
    str                                      0x2000000c   Data           4  main.o(.data)
    now_time_sec                             0x20000010   Data           1  main.o(.data)
    light_value                              0x20000012   Data           2  main.o(.data)
    soil_humidity                            0x20000014   Data           2  main.o(.data)
    eco2                                     0x20000016   Data           2  main.o(.data)
    tvoc                                     0x20000018   Data           2  main.o(.data)
    colorTemp                                0x2000001a   Data           2  main.o(.data)
    j                                        0x2000001c   Data           2  main.o(.data)
    sd_total                                 0x20000020   Data           4  main.o(.data)
    sd_free                                  0x20000024   Data           4  main.o(.data)
    file_size                                0x20000028   Data           4  main.o(.data)
    soil_humidity_value                      0x2000002c   Data           4  main.o(.data)
    eco2_value                               0x20000030   Data           4  main.o(.data)
    tvoc_value                               0x20000034   Data           4  main.o(.data)
    receive_complete                         0x20000038   Data           1  main.o(.data)
    read_history_data                        0x2000003c   Data           4  main.o(.data)
    en_save_data                             0x20000040   Data           1  main.o(.data)
    int_history_num                          0x20000044   Data           4  main.o(.data)
    valid_data                               0x20000048   Data           3  main.o(.data)
    PAGE                                     0x2000004b   Data           1  main.o(.data)
    SystemCoreClock                          0x2000004c   Data           4  system_stm32f10x.o(.data)
    AHBPrescTable                            0x20000050   Data          16  system_stm32f10x.o(.data)
    __stdout                                 0x20000078   Data           4  usart.o(.data)
    USART_RX_STA                             0x2000007c   Data           2  usart.o(.data)
    en_senddata                              0x2000007e   Data           1  usart2.o(.data)
    u2_str_len                               0x2000007f   Data           1  usart2.o(.data)
    s2                                       0x20000080   Data           1  usart2.o(.data)
    USART2_RX_STA                            0x20000082   Data           2  usart2.o(.data)
    time_len                                 0x20000084   Data           1  usart2.o(.data)
    check_cmd_result                         0x20000086   Data           1  usart3.o(.data)
    cmd_flag                                 0x20000087   Data           1  usart3.o(.data)
    USART3_RX_STA                            0x20000088   Data           2  usart3.o(.data)
    ReceiveData_Com                          0x2000008a   Data           1  usart3.o(.data)
    str_len                                  0x2000008b   Data           1  usart3.o(.data)
    s1                                       0x2000008c   Data           1  usart3.o(.data)
    is_dat                                   0x2000008d   Data           1  usart3.o(.data)
    tim4_time                                0x2000008e   Data           1  timer.o(.data)
    flag                                     0x2000008f   Data           1  timer.o(.data)
    TP_Countdown                             0x20000090   Data           1  timer.o(.data)
    Data_storage_interval                    0x20000091   Data           1  timer.o(.data)
    TDATATIME                                0x20000092   Data           8  timer.o(.data)
    Slave_Page                               0x2000009a   Data           1  exti.o(.data)
    POINT_COLOR                              0x2000009e   Data           2  lcd.o(.data)
    BACK_COLOR                               0x200000a0   Data           2  lcd.o(.data)
    DeviceCode                               0x200000a2   Data           2  lcd.o(.data)
    LCD_Sta                                  0x200000a4   Data           1  lcd.o(.data)
    tp_dev                                   0x200000a8   Data          40  touch.o(.data)
    CMD_RDX                                  0x200000d0   Data           1  touch.o(.data)
    CMD_RDY                                  0x200000d1   Data           1  touch.o(.data)
    cursor_pos                               0x200000d2   Data           1  touch.o(.data)
    TP_REMIND_MSG_TBL                        0x200000d4   Data           4  touch.o(.data)
    SD_Type                                  0x200000d9   Data           1  mmc_sd.o(.data)
    FILE_TYPE_TBL                            0x200000dc   Data         312  exfuns.o(.data)
    fs                                       0x20000214   Data           4  exfuns.o(.data)
    file                                     0x20000218   Data           4  exfuns.o(.data)
    ftemp                                    0x2000021c   Data           4  exfuns.o(.data)
    br                                       0x20000220   Data           4  exfuns.o(.data)
    bw                                       0x20000224   Data           4  exfuns.o(.data)
    fatbuf                                   0x20000228   Data           4  exfuns.o(.data)
    FLASH_SECTOR_COUNT                       0x2000022c   Data           2  diskio.o(.data)
    char_history_num                         0x2000023a   Data           5  fattester.o(.data)
    mallco_dev                               0x20000240   Data          20  malloc.o(.data)
    Slave_channel_addr                       0x20000258   Data          40  main.o(.bss)
    receive_data                             0x20000280   Data         100  main.o(.bss)
    write_file_dat                           0x200002e4   Data         100  main.o(.bss)
    dat                                      0x20000348   Data          20  main.o(.bss)
    str_temp                                 0x2000035c   Data          20  main.o(.bss)
    USART_RX_BUF                             0x200003e0   Data         200  usart.o(.bss)
    USART2_RX_BUF                            0x200004a8   Data         100  usart2.o(.bss)
    USART2_TX_BUF                            0x2000050c   Data         400  usart2.o(.bss)
    time_data_esp                            0x2000069c   Data          22  usart2.o(.bss)
    USART3_RX_BUF                            0x200006b2   Data         400  usart3.o(.bss)
    USART3_TX_BUF                            0x20000842   Data         600  usart3.o(.bss)
    now_time                                 0x20000a9a   Data          20  timer.o(.bss)
    HISTORYFILENAME                          0x20000aae   Data          25  timer.o(.bss)
    calendar                                 0x20000ac8   Data          10  rtc.o(.bss)
    lcddev                                   0x20000ad2   Data          14  lcd.o(.bss)
    temp_pictur                              0x20000ae0   Data        3200  test.o(.bss)
    SPI_InitStructure                        0x20001760   Data          18  spi.o(.bss)
    fileinfo                                 0x20001774   Data          24  exfuns.o(.bss)
    dir                                      0x2000178c   Data          28  exfuns.o(.bss)
    membase                                  0x200017a8   Data       10240  malloc.o(.bss)
    memmapbase                               0x20003fa8   Data         640  malloc.o(.bss)
    __initial_sp                             0x20004628   Data           0  startup_stm32f10x_md.o(STACK)



==============================================================================

Memory Map of the image

  Image Entry point : 0x080000ed

  Load Region LR_IROM1 (Base: 0x08000000, Size: 0x0000f638, Max: 0x00010000, ABSOLUTE, COMPRESSED[0x0000f480])

    Execution Region ER_IROM1 (Exec base: 0x08000000, Load base: 0x08000000, Size: 0x0000f3e0, Max: 0x00010000, ABSOLUTE)

    Exec Addr    Load Addr    Size         Type   Attr      Idx    E Section Name        Object

    0x08000000   0x08000000   0x000000ec   Data   RO          283    RESET               startup_stm32f10x_md.o
    0x080000ec   0x080000ec   0x00000000   Code   RO         1050  * .ARM.Collect$$$$00000000  mc_w.l(entry.o)
    0x080000ec   0x080000ec   0x00000004   Code   RO         1354    .ARM.Collect$$$$00000001  mc_w.l(entry2.o)
    0x080000f0   0x080000f0   0x00000004   Code   RO         1357    .ARM.Collect$$$$00000004  mc_w.l(entry5.o)
    0x080000f4   0x080000f4   0x00000000   Code   RO         1359    .ARM.Collect$$$$00000008  mc_w.l(entry7b.o)
    0x080000f4   0x080000f4   0x00000000   Code   RO         1361    .ARM.Collect$$$$0000000A  mc_w.l(entry8b.o)
    0x080000f4   0x080000f4   0x00000008   Code   RO         1362    .ARM.Collect$$$$0000000B  mc_w.l(entry9a.o)
    0x080000fc   0x080000fc   0x00000000   Code   RO         1364    .ARM.Collect$$$$0000000D  mc_w.l(entry10a.o)
    0x080000fc   0x080000fc   0x00000000   Code   RO         1366    .ARM.Collect$$$$0000000F  mc_w.l(entry11a.o)
    0x080000fc   0x080000fc   0x00000004   Code   RO         1355    .ARM.Collect$$$$00002712  mc_w.l(entry2.o)
    0x08000100   0x08000100   0x00001030   Code   RO            1    .text               main.o
    0x08001130   0x08001130   0x0000001a   Code   RO          211    .text               stm32f10x_it.o
    0x0800114a   0x0800114a   0x00000002   PAD
    0x0800114c   0x0800114c   0x000001e0   Code   RO          252    .text               system_stm32f10x.o
    0x0800132c   0x0800132c   0x00000024   Code   RO          284    .text               startup_stm32f10x_md.o
    0x08001350   0x08001350   0x000000dc   Code   RO          288    .text               misc.o
    0x0800142c   0x0800142c   0x000000c4   Code   RO          312    .text               stm32f10x_bkp.o
    0x080014f0   0x080014f0   0x0000011c   Code   RO          396    .text               stm32f10x_exti.o
    0x0800160c   0x0800160c   0x0000035c   Code   RO          432    .text               stm32f10x_gpio.o
    0x08001968   0x08001968   0x00000040   Code   RO          456    .text               stm32f10x_iwdg.o
    0x080019a8   0x080019a8   0x000000cc   Code   RO          468    .text               stm32f10x_pwr.o
    0x08001a74   0x08001a74   0x000003a4   Code   RO          480    .text               stm32f10x_rcc.o
    0x08001e18   0x08001e18   0x00000148   Code   RO          494    .text               stm32f10x_rtc.o
    0x08001f60   0x08001f60   0x0000030c   Code   RO          518    .text               stm32f10x_spi.o
    0x0800226c   0x0800226c   0x00000e1a   Code   RO          530    .text               stm32f10x_tim.o
    0x08003086   0x08003086   0x00000002   PAD
    0x08003088   0x08003088   0x00000408   Code   RO          542    .text               stm32f10x_usart.o
    0x08003490   0x08003490   0x000000d4   Code   RO          566    .text               delay.o
    0x08003564   0x08003564   0x0000015c   Code   RO          596    .text               usart.o
    0x080036c0   0x080036c0   0x00000038   Code   RO          619    .text               led.o
    0x080036f8   0x080036f8   0x000001c4   Code   RO          631    .text               usart2.o
    0x080038bc   0x080038bc   0x0000033c   Code   RO          657    .text               usart3.o
    0x08003bf8   0x08003bf8   0x000005a8   Code   RO          676    .text               lora.o
    0x080041a0   0x080041a0   0x000004e8   Code   RO          688    .text               timer.o
    0x08004688   0x08004688   0x000000f8   Code   RO          711    .text               exti.o
    0x08004780   0x08004780   0x000003d8   Code   RO          733    .text               rtc.o
    0x08004b58   0x08004b58   0x0000002c   Code   RO          754    .text               iwdg.o
    0x08004b84   0x08004b84   0x00000c08   Code   RO          766    .text               gui.o
    0x0800578c   0x0800578c   0x00000524   Code   RO          790    .text               lcd.o
    0x08005cb0   0x08005cb0   0x0000055c   Code   RO          809    .text               test.o
    0x0800620c   0x0800620c   0x0000017a   Code   RO          841    .text               24cxx.o
    0x08006386   0x08006386   0x00000002   PAD
    0x08006388   0x08006388   0x000002a4   Code   RO          853    .text               myiic.o
    0x0800662c   0x0800662c   0x00000130   Code   RO          865    .text               spi.o
    0x0800675c   0x0800675c   0x00001cb4   Code   RO          880    .text               touch.o
    0x08008410   0x08008410   0x00000054   Code   RO          903    .text               key.o
    0x08008464   0x08008464   0x0000054c   Code   RO          915    .text               mmc_sd.o
    0x080089b0   0x080089b0   0x00000188   Code   RO          933    .text               exfuns.o
    0x08008b38   0x08008b38   0x00000184   Code   RO          963    .text               diskio.o
    0x08008cbc   0x08008cbc   0x00002b10   Code   RO          985    .text               ff.o
    0x0800b7cc   0x0800b7cc   0x000008b4   Code   RO         1000    .text               fattester.o
    0x0800c080   0x0800c080   0x000001a0   Code   RO         1022    .text               malloc.o
    0x0800c220   0x0800c220   0x00000024   Code   RO         1053    .text               mc_w.l(memseta.o)
    0x0800c244   0x0800c244   0x00000018   Code   RO         1055    .text               mc_w.l(strcat.o)
    0x0800c25c   0x0800c25c   0x0000000e   Code   RO         1057    .text               mc_w.l(strlen.o)
    0x0800c26a   0x0800c26a   0x0000001c   Code   RO         1059    .text               mc_w.l(strcmp.o)
    0x0800c286   0x0800c286   0x00000012   Code   RO         1061    .text               mc_w.l(strcpy.o)
    0x0800c298   0x0800c298   0x000000b0   Code   RO         1324    .text               mf_w.l(fadd.o)
    0x0800c348   0x0800c348   0x00000064   Code   RO         1326    .text               mf_w.l(fmul.o)
    0x0800c3ac   0x0800c3ac   0x0000007c   Code   RO         1328    .text               mf_w.l(fdiv.o)
    0x0800c428   0x0800c428   0x000000e4   Code   RO         1330    .text               mf_w.l(dmul.o)
    0x0800c50c   0x0800c50c   0x000000de   Code   RO         1332    .text               mf_w.l(ddiv.o)
    0x0800c5ea   0x0800c5ea   0x00000012   Code   RO         1334    .text               mf_w.l(fflti.o)
    0x0800c5fc   0x0800c5fc   0x0000000a   Code   RO         1336    .text               mf_w.l(ffltui.o)
    0x0800c606   0x0800c606   0x0000001a   Code   RO         1338    .text               mf_w.l(dfltui.o)
    0x0800c620   0x0800c620   0x00000032   Code   RO         1340    .text               mf_w.l(ffixi.o)
    0x0800c652   0x0800c652   0x00000028   Code   RO         1342    .text               mf_w.l(ffixui.o)
    0x0800c67a   0x0800c67a   0x00000032   Code   RO         1344    .text               mf_w.l(dfixui.o)
    0x0800c6ac   0x0800c6ac   0x00000026   Code   RO         1346    .text               mf_w.l(f2d.o)
    0x0800c6d2   0x0800c6d2   0x00000002   PAD
    0x0800c6d4   0x0800c6d4   0x00000030   Code   RO         1348    .text               mf_w.l(cdcmple.o)
    0x0800c704   0x0800c704   0x00000030   Code   RO         1350    .text               mf_w.l(cdrcmple.o)
    0x0800c734   0x0800c734   0x00000038   Code   RO         1352    .text               mf_w.l(d2f.o)
    0x0800c76c   0x0800c76c   0x0000002c   Code   RO         1368    .text               mc_w.l(uidiv.o)
    0x0800c798   0x0800c798   0x00000062   Code   RO         1370    .text               mc_w.l(uldiv.o)
    0x0800c7fa   0x0800c7fa   0x00000020   Code   RO         1372    .text               mc_w.l(llushr.o)
    0x0800c81a   0x0800c81a   0x00000000   Code   RO         1381    .text               mc_w.l(iusefp.o)
    0x0800c81a   0x0800c81a   0x0000006e   Code   RO         1382    .text               mf_w.l(fepilogue.o)
    0x0800c888   0x0800c888   0x000000ba   Code   RO         1384    .text               mf_w.l(depilogue.o)
    0x0800c942   0x0800c942   0x0000014e   Code   RO         1386    .text               mf_w.l(dadd.o)
    0x0800ca90   0x0800ca90   0x000000a2   Code   RO         1388    .text               mf_w.l(dsqrt.o)
    0x0800cb32   0x0800cb32   0x00000030   Code   RO         1390    .text               mf_w.l(dfixul.o)
    0x0800cb62   0x0800cb62   0x00000002   PAD
    0x0800cb64   0x0800cb64   0x00000024   Code   RO         1392    .text               mc_w.l(init.o)
    0x0800cb88   0x0800cb88   0x0000001e   Code   RO         1394    .text               mc_w.l(llshl.o)
    0x0800cba6   0x0800cba6   0x00000024   Code   RO         1396    .text               mc_w.l(llsshr.o)
    0x0800cbca   0x0800cbca   0x00000056   Code   RO         1406    .text               mc_w.l(__dczerorl2.o)
    0x0800cc20   0x0800cc20   0x00000020   Code   RO         1296    i.__0printf         mc_w.l(printfa.o)
    0x0800cc40   0x0800cc40   0x00000028   Code   RO         1298    i.__0sprintf        mc_w.l(printfa.o)
    0x0800cc68   0x0800cc68   0x00000024   Code   RO         1302    i.__0vsprintf       mc_w.l(printfa.o)
    0x0800cc8c   0x0800cc8c   0x0000000e   Code   RO         1400    i.__scatterload_copy  mc_w.l(handlers.o)
    0x0800cc9a   0x0800cc9a   0x00000002   Code   RO         1401    i.__scatterload_null  mc_w.l(handlers.o)
    0x0800cc9c   0x0800cc9c   0x0000000e   Code   RO         1402    i.__scatterload_zeroinit  mc_w.l(handlers.o)
    0x0800ccaa   0x0800ccaa   0x00000002   PAD
    0x0800ccac   0x0800ccac   0x0000000c   Code   RO         1376    i.__set_errno       mc_w.l(errno.o)
    0x0800ccb8   0x0800ccb8   0x00000184   Code   RO         1303    i._fp_digits        mc_w.l(printfa.o)
    0x0800ce3c   0x0800ce3c   0x000006dc   Code   RO         1304    i._printf_core      mc_w.l(printfa.o)
    0x0800d518   0x0800d518   0x00000024   Code   RO         1305    i._printf_post_padding  mc_w.l(printfa.o)
    0x0800d53c   0x0800d53c   0x0000002e   Code   RO         1306    i._printf_pre_padding  mc_w.l(printfa.o)
    0x0800d56a   0x0800d56a   0x0000000a   Code   RO         1308    i._sputc            mc_w.l(printfa.o)
    0x0800d574   0x0800d574   0x0000004c   Code   RO         1043    i.sqrt              m_ws.l(sqrt.o)
    0x0800d5c0   0x0800d5c0   0x00000018   Data   RO          735    .constdata          rtc.o
    0x0800d5d8   0x0800d5d8   0x00001b32   Data   RO          767    .constdata          gui.o
    0x0800f10a   0x0800f10a   0x00000002   PAD
    0x0800f10c   0x0800f10c   0x00000010   Data   RO          811    .constdata          test.o
    0x0800f11c   0x0800f11c   0x000000ac   Data   RO          986    .constdata          ff.o
    0x0800f1c8   0x0800f1c8   0x000000e0   Data   RO            3    .conststring        main.o
    0x0800f2a8   0x0800f2a8   0x00000037   Data   RO          812    .conststring        test.o
    0x0800f2df   0x0800f2df   0x00000001   PAD
    0x0800f2e0   0x0800f2e0   0x00000079   Data   RO          881    .conststring        touch.o
    0x0800f359   0x0800f359   0x00000003   PAD
    0x0800f35c   0x0800f35c   0x00000064   Data   RO          935    .conststring        exfuns.o
    0x0800f3c0   0x0800f3c0   0x00000020   Data   RO         1398    Region$$Table       anon$$obj.o


    Execution Region RW_IRAM1 (Exec base: 0x20000000, Load base: 0x0800f3e0, Size: 0x00004628, Max: 0x00005000, ABSOLUTE, COMPRESSED[0x000000a0])

    Exec Addr    Load Addr    Size         Type   Attr      Idx    E Section Name        Object

    0x20000000   COMPRESSED   0x0000004c   Data   RW            4    .data               main.o
    0x2000004c   COMPRESSED   0x00000014   Data   RW          253    .data               system_stm32f10x.o
    0x20000060   COMPRESSED   0x00000014   Data   RW          481    .data               stm32f10x_rcc.o
    0x20000074   COMPRESSED   0x00000004   Data   RW          567    .data               delay.o
    0x20000078   COMPRESSED   0x00000006   Data   RW          598    .data               usart.o
    0x2000007e   COMPRESSED   0x00000007   Data   RW          633    .data               usart2.o
    0x20000085   COMPRESSED   0x00000001   PAD
    0x20000086   COMPRESSED   0x00000008   Data   RW          659    .data               usart3.o
    0x2000008e   COMPRESSED   0x0000000c   Data   RW          690    .data               timer.o
    0x2000009a   COMPRESSED   0x00000001   Data   RW          712    .data               exti.o
    0x2000009b   COMPRESSED   0x00000001   PAD
    0x2000009c   COMPRESSED   0x00000002   Data   RW          736    .data               rtc.o
    0x2000009e   COMPRESSED   0x00000007   Data   RW          792    .data               lcd.o
    0x200000a5   COMPRESSED   0x00000003   PAD
    0x200000a8   COMPRESSED   0x00000031   Data   RW          882    .data               touch.o
    0x200000d9   COMPRESSED   0x00000001   Data   RW          916    .data               mmc_sd.o
    0x200000da   COMPRESSED   0x00000002   PAD
    0x200000dc   COMPRESSED   0x00000150   Data   RW          936    .data               exfuns.o
    0x2000022c   COMPRESSED   0x00000002   Data   RW          964    .data               diskio.o
    0x2000022e   COMPRESSED   0x00000002   PAD
    0x20000230   COMPRESSED   0x0000000a   Data   RW          987    .data               ff.o
    0x2000023a   COMPRESSED   0x00000005   Data   RW         1001    .data               fattester.o
    0x2000023f   COMPRESSED   0x00000001   PAD
    0x20000240   COMPRESSED   0x00000014   Data   RW         1025    .data               malloc.o
    0x20000254   COMPRESSED   0x00000004   Data   RW         1377    .data               mc_w.l(errno.o)
    0x20000258        -       0x00000188   Zero   RW            2    .bss                main.o
    0x200003e0        -       0x000000c8   Zero   RW          597    .bss                usart.o
    0x200004a8        -       0x0000020a   Zero   RW          632    .bss                usart2.o
    0x200006b2        -       0x000003e8   Zero   RW          658    .bss                usart3.o
    0x20000a9a        -       0x0000002d   Zero   RW          689    .bss                timer.o
    0x20000ac7   COMPRESSED   0x00000001   PAD
    0x20000ac8        -       0x0000000a   Zero   RW          734    .bss                rtc.o
    0x20000ad2        -       0x0000000e   Zero   RW          791    .bss                lcd.o
    0x20000ae0        -       0x00000c80   Zero   RW          810    .bss                test.o
    0x20001760        -       0x00000012   Zero   RW          866    .bss                spi.o
    0x20001772   COMPRESSED   0x00000002   PAD
    0x20001774        -       0x00000034   Zero   RW          934    .bss                exfuns.o
    0x200017a8        -       0x00002a80   Zero   RW         1023    .bss                malloc.o
    0x20004228        -       0x00000400   Zero   RW          281    STACK               startup_stm32f10x_md.o


==============================================================================

Image component sizes


      Code (inc. data)   RO Data    RW Data    ZI Data      Debug   Object Name

       378          0          0          0          0       2778   24cxx.o
         0          0          0          0          0         32   core_cm3.o
       212         18          0          4          0       1011   delay.o
       388          8          0          2          0       4146   diskio.o
       392         22        100        336         52       5060   exfuns.o
       248         32          0          1          0      16148   exti.o
      2228        836          0          5          0       7725   fattester.o
     11024        136        172         10          0      30482   ff.o
      3080         52       6962          0          0      11118   gui.o
        44          0          0          0          0        650   iwdg.o
        84          8          0          0          0        644   key.o
      1316         52          0          7         14       5199   lcd.o
        56          6          0          0          0        463   led.o
      1448        724          0          0          0       2736   lora.o
      4144        752        224         76        392     267153   main.o
       416          6          0         20      10880       3925   malloc.o
       220         22          0          0          0       1769   misc.o
      1356         38          0          1          0       5838   mmc_sd.o
       676         38          0          0          0       1892   myiic.o
       984         56         24          2         10       3859   rtc.o
       304         12          0          0         18       1508   spi.o
        36          8        236          0       1024        768   startup_stm32f10x_md.o
       196          8          0          0          0       3464   stm32f10x_bkp.o
       284         10          0          0          0       2223   stm32f10x_exti.o
       860         38          0          0          0       5701   stm32f10x_gpio.o
        26          0          0          0          0       1162   stm32f10x_it.o
        64          6          0          0          0       1261   stm32f10x_iwdg.o
       204         14          0          0          0       1939   stm32f10x_pwr.o
       932         36          0         20          0       8860   stm32f10x_rcc.o
       328          4          0          0          0       2706   stm32f10x_rtc.o
       780         14          0          0          0       6582   stm32f10x_spi.o
      3610         88          0          0          0      22808   stm32f10x_tim.o
      1032         22          0          0          0       8424   stm32f10x_usart.o
       480         38          0         20          0       1691   system_stm32f10x.o
      1372        330         71          0       3200       2084   test.o
      1256        208          0         12         45       2937   timer.o
      7348        516        121         49          0       8477   touch.o
       348         18          0          6        200       3307   usart.o
       452         56          0          7        522       2755   usart2.o
       828        100          0          8       1000       3250   usart3.o

    ----------------------------------------------------------------------
     49440       4332       7948        596      17360     464535   Object Totals
         0          0         32          0          0          0   (incl. Generated)
         6          0          6         10          3          0   (incl. Padding)

    ----------------------------------------------------------------------

      Code (inc. data)   RO Data    RW Data    ZI Data      Debug   Library Member Name

        76          0          0          0          0         84   sqrt.o
        86          0          0          0          0          0   __dczerorl2.o
         0          0          0          0          0          0   entry.o
         0          0          0          0          0          0   entry10a.o
         0          0          0          0          0          0   entry11a.o
         8          4          0          0          0          0   entry2.o
         4          0          0          0          0          0   entry5.o
         0          0          0          0          0          0   entry7b.o
         0          0          0          0          0          0   entry8b.o
         8          4          0          0          0          0   entry9a.o
        12          6          0          4          0         68   errno.o
        30          0          0          0          0          0   handlers.o
        36          8          0          0          0         68   init.o
         0          0          0          0          0          0   iusefp.o
        30          0          0          0          0         68   llshl.o
        36          0          0          0          0         68   llsshr.o
        32          0          0          0          0         68   llushr.o
        36          0          0          0          0        108   memseta.o
      2344        102          0          0          0        684   printfa.o
        24          0          0          0          0         68   strcat.o
        28          0          0          0          0         76   strcmp.o
        18          0          0          0          0         68   strcpy.o
        14          0          0          0          0         68   strlen.o
        44          0          0          0          0         80   uidiv.o
        98          0          0          0          0         92   uldiv.o
        48          0          0          0          0         68   cdcmple.o
        48          0          0          0          0         68   cdrcmple.o
        56          0          0          0          0         88   d2f.o
       334          0          0          0          0        148   dadd.o
       222          0          0          0          0        100   ddiv.o
       186          0          0          0          0        176   depilogue.o
        50          0          0          0          0         76   dfixui.o
        48          0          0          0          0         68   dfixul.o
        26          0          0          0          0         76   dfltui.o
       228          0          0          0          0         96   dmul.o
       162          0          0          0          0        100   dsqrt.o
        38          0          0          0          0         68   f2d.o
       176          0          0          0          0        140   fadd.o
       124          0          0          0          0         88   fdiv.o
       110          0          0          0          0        168   fepilogue.o
        50          0          0          0          0         68   ffixi.o
        40          0          0          0          0         68   ffixui.o
        18          0          0          0          0         68   fflti.o
        10          0          0          0          0         68   ffltui.o
       100          0          0          0          0         76   fmul.o

    ----------------------------------------------------------------------
      5044        124          0          4          0       3544   Library Totals
         6          0          0          0          0          0   (incl. Padding)

    ----------------------------------------------------------------------

      Code (inc. data)   RO Data    RW Data    ZI Data      Debug   Library Name

        76          0          0          0          0         84   m_ws.l
      2888        124          0          4          0       1584   mc_w.l
      2074          0          0          0          0       1876   mf_w.l

    ----------------------------------------------------------------------
      5044        124          0          4          0       3544   Library Totals

    ----------------------------------------------------------------------

==============================================================================


      Code (inc. data)   RO Data    RW Data    ZI Data      Debug   

     54484       4456       7948        600      17360     462903   Grand Totals
     54484       4456       7948        160      17360     462903   ELF Image Totals (compressed)
     54484       4456       7948        160          0          0   ROM Totals

==============================================================================

    Total RO  Size (Code + RO Data)                62432 (  60.97kB)
    Total RW  Size (RW Data + ZI Data)             17960 (  17.54kB)
    Total ROM Size (Code + RO Data + RW Data)      62592 (  61.13kB)

==============================================================================

